C51 COMPILER V9.01   UART                                                                  01/29/2016 16:59:42 PAGE 1   


C51 COMPILER V9.01, COMPILATION OF MODULE UART
OBJECT MODULE PLACED IN UART.OBJ
COMPILER INVOKED BY: D:\软件安装目录\keil4安装目录\C51\BIN\C51.EXE UART.C BROWSE DEBUG OBJECTEXTEND

line level    source

   1          
   2          /*******************************************************************************
   3          * 文件名 : UART.C
   4          
   5          * 版本     作者            日期            说明
   6          * V1.0     NJH        2015/08/03       初始版本
   7          
   8          * 描述   : MCU:      晶振:    MHz
   9                     
  10          *******************************************************************************/
  11          
  12          #include "uart.h"
  13          #include <reg52.H>
  14          unsigned char date = 0,flag;
  15          sbit FM = P2^3 ;
  16          sbit led_0 = P1^0 ;
  17          sbit led_1 = P1^1 ;
  18          sbit led_2 = P1^2 ;
  19          sbit led_3 = P1^3 ;
  20          sbit led_4 = P1^4 ;
  21          sbit led_5 = P1^5 ;
  22          sbit led_6 = P1^6 ;
  23          sbit led_7 = P1^7 ;
  24          
  25          /*******************************************************************************
  26          * 功能描述 : 51单片机的串口初始化
  27          * 函数属性 : 外部
  28          * 输入参数 : 无
  29          * 返回参数 : 无
  30          * 函数详解 : 
  31                
  32          *******************************************************************************/
  33          
  34          void UartInit(void)             //115200bps@22.1184MHz
  35          {
  36   1              TMOD |=0x20;   //设置定时器T/C1工作在方式2,定时1工作于自动重载模式
  37   1              SCON=0x50;     //设置串行口工作方式1：SCON格式 |M0|M1|M2|REN|TB8|RB8|TI|RI
  38   1              TH1=0xfd;      //波特率9600
  39   1              TL1=0xfd;
  40   1              ET1 = 0;                //禁止定时器1中断
  41   1              TR1 = 1;                //启动定时器1
  42   1              EA = 1;
  43   1              ES = 1;
  44   1              UART_Send_Str("串口初始化完毕!\n");
  45   1      }
  46          
  47          /*******************************************************************************
  48          * 功能描述 : 51单片机的串口中断处理函数
  49          * 函数属性 : 外部
  50          * 输入参数 : 无
  51          * 返回参数 : 无
  52          * 函数详解 : 
  53                
  54          *******************************************************************************/
  55          
C51 COMPILER V9.01   UART                                                                  01/29/2016 16:59:42 PAGE 2   

  56          void UART_inter() interrupt 4    //串口中断函数
  57          {
  58   1      
  59   1              date=SBUF;        //取出接受到的数据
  60   1              if(date == 2+0X30)
  61   1              {
  62   2                      FM = 1;
  63   2                      led_0 = 1;
  64   2                      led_2 = 1;
  65   2                      led_4 = 1;
  66   2                      led_6 = 1;
  67   2              }
  68   1              if(date == 1+0X30)
  69   1              {
  70   2                      FM = 0;
  71   2                      led_0 = 0;
  72   2                      led_2 = 0;
  73   2                      led_4 = 0;
  74   2                      led_6 = 0;
  75   2              }
  76   1              RI=0;                     //清除接受中断标志位
  77   1              flag = 0;
  78   1      }
  79          
  80          /*******************************************************************************
  81          * 功能描述 : 51单片机的串口发送一个字节的函数
  82          * 函数属性 : 外部
  83          * 输入参数 : unsigned char mydata,要发送的一个字节内容
  84          * 返回参数 : 无
  85          * 函数详解 : 
  86                
  87          *******************************************************************************/
  88          
  89          void UART_Send_Byte(unsigned char mydata)       
  90          {
  91   1          ES=0;
  92   1      //    TI=0;
  93   1          SBUF=mydata;
  94   1          while(!TI);
  95   1          TI=0;
  96   1          ES=1;
  97   1      }
  98           
  99          /*******************************************************************************
 100          * 功能描述 : 串口发送0d和0a两个字节,即回车换行,在串口助手上有回车换行的效果
 101          * 函数属性 : 外部
 102          * 输入参数 : 无
 103          * 返回参数 : 无
 104          * 函数详解 : 
 105                
 106          *******************************************************************************/
 107          
 108          void UART_Send_Enter()
 109          {
 110   1          UART_Send_Byte(0x0d);  
 111   1          UART_Send_Byte(0x0a);  
 112   1      }
 113          
 114          /*******************************************************************************
 115          * 功能描述 : 单片机的串口发送字符串
 116          * 函数属性 : 外部
 117          * 输入参数 : char *s ,指向字符串的指针
C51 COMPILER V9.01   UART                                                                  01/29/2016 16:59:42 PAGE 3   

 118          * 返回参数 : 无
 119          * 函数详解 : 
 120                
 121          *******************************************************************************/
 122          
 123          void UART_Send_Str(char *s)
 124          {
 125   1          int idata len=strlen(s)-1;  //减一是因为数组的存储从0开始
 126   1              int idata i;
 127   1              /*
 128   1              strlen用来计算字符串的长度；idata是数据被定义在单片机内部的RAM区
 129   1              头文件：string.h
 130   1              格式：strlen(字符数组名)
 131   1              功能：计算字符串S的（unsigned int型）长度，不包括'\0'
 132   1              说明：返回s的长度，不包括结束符。
 133   1              
 134   1              */
 135   1          
 136   1      
 137   1          for(i=0;i<len;i++)
 138   1          {
 139   2              UART_Send_Byte(s[i]);
 140   2          }
 141   1          
 142   1          if(s[i]=='\n') 
 143   1          {
 144   2              UART_Send_Enter();
 145   2          }
 146   1          else
 147   1          {
 148   2              UART_Send_Byte(s[i]);
 149   2          }
 150   1      }
 151          
 152          /*******************************************************************************
 153          * 功能描述 : 串口发送数值,函数会将数值转为相应的字符串,如 45 转为 "45"再发送出去
 154          * 函数属性 : 外部
 155          * 输入参数 : unsigned long dat,要发送的数值
 156          * 返回参数 : 无
 157          * 函数详解 : 
 158                
 159          *******************************************************************************/
 160          
 161          void UART_Put_Num(unsigned long dat)
 162          {
 163   1          char idata temp[20];
 164   1          u32_to_str(dat,temp); //把数值转为字符
 165   1          UART_Send_Str(temp);
 166   1              UART_Send_Enter();
 167   1      }
 168          
 169          /*******************************************************************************
 170          * 功能描述 : 单片机的串口发送调试信息
 171          * 函数属性 : 外部
 172          * 输入参数 : inf:指向提示信息字符串的指针,dat:数值,提示信息就是这个数值的描述
 173          * 返回参数 : 无
 174          * 函数详解 :  
 175                
 176          *******************************************************************************/
 177          
 178          void UART_Put_Inf(char *inf,unsigned long dat)
 179          {
C51 COMPILER V9.01   UART                                                                  01/29/2016 16:59:42 PAGE 4   

 180   1          UART_Send_Str(inf);     //输出的提示信息,用来描述数值
 181   1          UART_Put_Num(dat);      //输出数值
 182   1          UART_Send_Str("\n");    //换行
 183   1      }
 184          
 185          /*******************************************************************************
 186          * 功能描述 : 将一个32位的变量dat转为字符串，比如把1234转为"1234"
 187          * 函数属性 : 外部
 188          * 输入参数 : dat:待转换的变量,str:指向字符数组的指针，转换后的字节串放在其中
 189          * 返回参数 : 无
 190          * 函数详解 : 
 191                
 192          *******************************************************************************/
 193          
 194          void u32_to_str(unsigned long dat,char *str) 
 195          {
 196   1          char idata temp[20];
 197   1          unsigned char idata i=0,j=0;
 198   1          
 199   1              i=0;
 200   1          while(dat)
 201   1          {
 202   2              temp[i]=dat%10+0x30;    //求余  余数加上0X30转换成SACII码
 203   2              i++;                        //例如：把123转化成"123"      i = 3
 204   2              dat/=10;                    //dat = dat/10 ,unsigned char类型，所以结果自动取整
 205   2          }
 206   1          
 207   1          j=i;
 208   1          for(i=0;i<j;i++)
 209   1          {
 210   2              str[i]=temp[j-i-1];
 211   2          }
 212   1          
 213   1      //    if(!i) 
 214   1      //      {
 215   1      //              str[i++]='0';    //i++先自增
 216   1      //      }
 217   1      //    str[i]=0;
 218   1      }
 219          
 220          /*******************************************************************************
 221          * 功能描述 : 将一个字符串转为32位的变量，比如"1234"转为1234
 222          * 函数属性 : 外部
 223          * 输入参数 : char *str,指向待转换的字符串的指针
 224          * 返回参数 : unsigned long temp ,转换后的数值
 225          * 函数详解 : 
 226                
 227          *******************************************************************************/
 228          
 229          unsigned long str_to_u32(char *str) 
 230          {
 231   1          unsigned long idata temp=0;
 232   1          unsigned long idata fact=1;
 233   1          unsigned char idata len=strlen(str);
 234   1          unsigned char idata i;
 235   1      
 236   1          for(i=len;i>0;i--)
 237   1          {
 238   2              temp += ((str[i-1]-0x30)*fact);
 239   2              fact *= 10;
 240   2          }
 241   1          return temp;
C51 COMPILER V9.01   UART                                                                  01/29/2016 16:59:42 PAGE 5   

 242   1      }
 243          
 244          
 245          /*******************************************************************************
 246          * 功能描述 : 将数值转换为字符串,如 15 转为 "000F"
 247          * 函数属性 : 外部
 248          * 输入参数 : hex 要转换的数值, str 指向用来保存结果的数组的指针
 249          * 返回参数 : unsigned char 0 
 250          * 函数详解 : 
 251                
 252          *******************************************************************************/
 253          
 254          
 255          unsigned char Hex2Str_16b(unsigned int hex,char *str)
 256          {
 257   1          unsigned char temp=0;
 258   1      
 259   1          temp=((hex&0xf000)>>12);
 260   1          str[0]=(temp>=10)?(temp-10+'A'):(temp+0x30);
 261   1      
 262   1          temp=((hex&0x0f00)>>8);
 263   1          str[1]=(temp>=10)?(temp-10+'A'):(temp+0x30);
 264   1      
 265   1          temp=((hex&0x00f0)>>4);
 266   1          str[2]=(temp>=10)?(temp-10+'A'):(temp+0x30);
 267   1      
 268   1          temp=((hex&0x000f)>>0);
 269   1          str[3]=(temp>=10)?(temp-10+'A'):(temp+0x30);
 270   1      
 271   1          str[4]=0;
 272   1      
 273   1          return 0;
 274   1      }
 275          
 276          /*******************************************************************************
 277          * 功能描述 : 将数值以16进制输出到串口,能显示的最大值为 65535
 278          * 函数属性 : 外部
 279          * 输入参数 : 要输出显示的数值
 280          * 返回参数 : 无
 281          * 函数详解 : 
 282                
 283          *******************************************************************************/
 284          
 285          
 286          void UART_Put_Hex(unsigned int hex)
 287          {
 288   1          char temp[20];
 289   1          Hex2Str_16b(hex,temp);
 290   1          UART_Send_Str(temp);
 291   1      }
 292          
 293          //void main()
 294          //{
 295          //      unsigned char i = 7 ;
 296          //      UartInit();       //串口初始化
 297          //      UART_Send_Str("hello\n"); //发送字符串
 298          //      UART_Put_Num(i);    //以10进制形式显示数值大小
 299          //      UART_Send_Enter();                      //回车换行
 300          //      UART_Put_Hex(15);       //以16进制形式显示数值大小
 301          //      UART_Send_Enter();                      //回车换行
 302          //      UART_Put_Inf("i= ",i);  // 本语句在这里的输出结果为  i=7
 303          //      UART_Send_Byte(48);             //输出一个48,48对应的ascll码字符为'0',所以本语句显示内容为  0
C51 COMPILER V9.01   UART                                                                  01/29/2016 16:59:42 PAGE 6   

 304          //      while(1);
 305          //}


MODULE INFORMATION:   STATIC OVERLAYABLE
   CODE SIZE        =    689    ----
   CONSTANT SIZE    =     19    ----
   XDATA SIZE       =   ----    ----
   PDATA SIZE       =   ----    ----
   DATA SIZE        =      2      37
   IDATA SIZE       =   ----      56
   BIT SIZE         =   ----    ----
END OF MODULE INFORMATION.


C51 COMPILATION COMPLETE.  0 WARNING(S),  0 ERROR(S)
