C51 COMPILER V9.01   DEVICE_SENSOR                                                         07/26/2015 23:45:15 PAGE 1   


C51 COMPILER V9.01, COMPILATION OF MODULE DEVICE_SENSOR
OBJECT MODULE PLACED IN .\device_sensor.obj
COMPILER INVOKED BY: D:\软件安装目录\keil4安装目录\C51\BIN\C51.EXE ..\SourceFile\device_sensor.c BROWSE DEBUG OBJECTEXTE
                    -ND PRINT(.\device_sensor.lst) OBJECT(.\device_sensor.obj)

line level    source

   1          /*
   2          ********************************************************************************
   3          *                                嵌入式微系统
   4          *                               msOS for Mcu51
   5          *
   6          *                               主芯片:MCU51
   7          *                           深圳市雨滴科技有限公司
   8          *
   9          *                                作者:王绍伟
  10          *                                网名:凤舞天
  11          *                                标识:Wangsw
  12          *
  13          *                                QQ:26033613
  14          *                               QQ群:291235815
  15          *                        淘宝店:http://52edk.taobao.com
  16          *                      论坛:http://gongkong.eefocus.com/bbs/
  17          *                    Google开源:https://code.google.com/p/msos/
  18          *                博客:http://forum.eet-cn.com/BLOG_wangsw317_1268.HTM
  19          ********************************************************************************
  20          *文件名     : device_sensor.c
  21          *作用       : 各种外部传感器中断输入
  22          *原理       : 
  23          ********************************************************************************
  24          *版本     作者            日期            说明
  25          *V0.1    Wangsw        2013/09/29       初始版本
  26          ********************************************************************************
  27          */
  28          
  29          #include "system.h"
  30          
  31          
  32          /*******************************************************************************
  33          * 函数名        : InitializeExternInterrupt0
  34          * 描述      : 初始化外部中断0
  35          * 输入参数  : enable 布尔变量,使能外部中断；edge 布尔变量，边沿触发
  36          * 返回参数  : 
  37          ********************************************************************************
  38          *版本     作者            日期            说明
  39          *V0.1    Wangsw        2013/09/29       初始版本
  40          *******************************************************************************/
  41          void InitializeExternInterrupt0(bool enable, bool edge)
  42          {
  43   1          IE0 = 0;                                            
  44   1          IT0 = edge;
  45   1          EX0 = enable;
  46   1      }
  47          
  48          /*******************************************************************************
  49          * 函数名        : ExternInterrupt0Handler
  50          * 描述      : 外部中断0处理函数
  51          * 输入参数  : 无
  52          * 返回参数  : 无
  53          ********************************************************************************
  54          *版本     作者            日期            说明
C51 COMPILER V9.01   DEVICE_SENSOR                                                         07/26/2015 23:45:15 PAGE 2   

  55          *V0.1    Wangsw        2013/09/29       初始版本
  56          *******************************************************************************/
  57          void ExternInterrupt0Handler(void) interrupt 0
  58          {
  59   1          //PostMessage(Int0MessageType, 0); 
  60   1          //IE0 = 0;
  61   1      }
  62          
  63          /*******************************************************************************
  64          * 函数名        : InitializeExternInterrupt1
  65          * 描述      : 初始化外部中断1
  66          * 输入参数  : enable 布尔变量,使能外部中断；edge 布尔变量，边沿触发
  67          * 返回参数  : 
  68          ********************************************************************************
  69          *版本     作者            日期            说明
  70          *V0.1    Wangsw        2013/09/29       初始版本
  71          *******************************************************************************/
  72          void InitializeExternInterrupt1(bool enable, bool edge)
  73          {
  74   1          IE1 = 0;                                            
  75   1          IT1 = edge;
  76   1          EX1 = enable;
  77   1      }
  78          
  79          /*******************************************************************************
  80          * 函数名        : ExternInterrupt1Handler
  81          * 描述      : 外部中断1处理函数
  82          * 输入参数  : 无
  83          * 返回参数  : 无
  84          ********************************************************************************
  85          *版本     作者            日期            说明
  86          *V0.1    Wangsw        2013/09/29       初始版本
  87          *******************************************************************************/
  88          void ExternInterrupt1Handler(void) interrupt 2
  89          {
  90   1          //PostMessage(Int1MessageType, 0);
  91   1          //IE1 = 0;
  92   1      }


MODULE INFORMATION:   STATIC OVERLAYABLE
   CODE SIZE        =     28    ----
   CONSTANT SIZE    =   ----    ----
   XDATA SIZE       =   ----    ----
   PDATA SIZE       =   ----    ----
   DATA SIZE        =   ----    ----
   IDATA SIZE       =   ----    ----
   BIT SIZE         =   ----    ----
END OF MODULE INFORMATION.


C51 COMPILATION COMPLETE.  0 WARNING(S),  0 ERROR(S)
